// Jest Snapshot v1, https://goo.gl/fbAQLP

exports[`should render ExpenseListItem with expense data 1`] = `
<div>
  <Link
    replace={false}
    to="/edit/1"
  >
    <h3>
      yeetus1
    </h3>
  </Link>
  <p>
    $0.42
    -
    December 31st, 1969
  </p>
</div>
`;
